[mail.jiangyinhongmeng.com/index.html]
[backblue.gif]
[fade.gif]
[index.html]
[mimg.qiye.163.com/o/domain/202204271440/index/css/global.css]
[mimg.qiye.163.com/o/domain/202204271440/index/img/bg_cn_noqiye.png]
[mimg.qiye.163.com/o/domain/202204271440/index/img/loginFormBg.png]
[mimg.qiye.163.com/o/domain/202204271440/index/img/bg_qr_expand.png]
[mimg.qiye.163.com/o/domain/202204271440/index/img/ic_qr.png]
[mimg.qiye.163.com/o/domain/202204271440/index/img/ic_qr_hover.png]
[mimg.qiye.163.com/o/domain/202204271440/index/img/ic_android.png]
[mimg.qiye.163.com/o/domain/202204271440/index/img/ic_apple.png]
[mimg.qiye.163.com/o/public/logo.gif]
[mimg.qiye.163.com/o/domain/202204271440/index/img/button.png]
[mimg.qiye.163.com/o/domain/202204271440/index/css/custom.css]
[mimg.qiye.163.com/o/domain/202204271440/index/img/user.png]
[mimg.qiye.163.com/o/domain/202204271440/index/img/lingxi.png]
[mimg.qiye.163.com/domain/img/user_bg.jpg]
[mimg.qiye.163.com/o/domain/202204271440/index/js/jquery-migrate.js]
[mimg.qiye.163.com/o/domain/202204271440/index/js/select_network.js]
[mimg.qiye.163.com/o/domain/202204271440/index/js/login_util.js]
[mimg.qiye.163.com/o/domain/202204271440/index/js/jquery.jsonp-2.4.0.min.js]
[mimg.qiye.163.com/o/domain/202204271440/index/js/jquery.js]
[mimg.qiye.163.com/o/domain/202204271440/index/js/select_banner.js]
[mail.jiangyinhongmeng.com/index.html]
[mimg.qiye.163.com/o/index/lib/scripts/qiye_algorithm.js]
[mimg.qiye.163.com/xm/qiye/login/img/bg.gif]
[mimg.qiye.163.com/xm/qiye/login/img/bgx.gif]
[mimg.qiye.163.com/o/domain/202204271440/index/css/global.css]
[mimg.qiye.163.com/xm/qiye/login/img/user_bg.jpg]
[mimg.qiye.163.com/xm/qiye/login/img/user_text.gif]
[mimg.qiye.163.com/o/domain/202204271440/index/css/user.css]
[mimg.qiye.163.com/o/domain/202204271440/index/img/codebg.png]
[mimg.qiye.163.com/o/domain/202204271440/index/img/codebg-ie.png]
[mimg.qiye.163.com/o/domain/202204271440/index/img/applogin_example.png]
[mimg.qiye.163.com/o/domain/202204271440/index/img/applogin_example_ie6.png]
[mimg.qiye.163.com/o/domain/202204271440/index/img/applogin_scansuc.png]
[mimg.qiye.163.com/o/domain/202204271440/index/img/applogin_scansuc_ie6.png]
[mimg.qiye.163.com/o/domain/202204271440/index/css/custom.css]
[mimg.qiye.163.com/copyright/year.js]
[hubble-js-bucket.nosdn.127.net/DATracker.globals.1.6.12.8.js]
[mimg.qiye.163.com/o/domain/202204271440/index/js/jquery.js]
[mimg.qiye.163.com/o/domain/202204271440/index/js/jquery-migrate.js]
[mimg.qiye.163.com/o/domain/202204271440/index/js/lang_zhcn.js]
[mimg.qiye.163.com/o/domain/202204271440/index/js/select_network.js]
[mimg.qiye.163.com/o/domain/202204271440/index/js/login_util.js]
[mimg.qiye.163.com/o/domain/202204271440/index/js/jquery.jsonp-2.4.0.min.js]
[mimg.qiye.163.com/o/mailapp/qiyelogin/style/img/user_yixin_left_20180827.jpg]
[mimg.qiye.163.com/o/mailapp/qiyelogin/style/img/user_yixin_center_20180827.jpg]
[mimg.qiye.163.com/p/official_site/admin/imageLeft.png]
[mimg.qiye.163.com/p/official_site/admin/imageCenter.png]
[mimg.qiye.163.com/o/domain/202204271440/index/js/select_banner.js]
[mimg.qiye.163.com/o/domain/202204271440/index/js/reset_pwd.js]
[mimg.qiye.163.com/o/domain/202204271440/index/js/select_ch.js]
[mimg.qiye.163.com/o/index/lib/scripts/qiye_algorithm.js]
